// Jest Snapshot v1, https://goo.gl/fbAQLP

exports[`EntryView component should match snapshot 1`] = `
<div class="entry-title d-flex justify-content-between p-2">
  <div><span class="text-success fs-5 fw-bold">3</span><span class="mx-1 fs-5">October</span><span class="mx-2 fw-light">2022, Monday</span></div>
  <div><input type="file" accept="image/*" style="display: none;"><button class="btn btn-primary"> Upload Image <i class="fas fa-cloud-upload-alt"></i></button><button class="btn btn-outline-danger mx-2"> Delete <i class="fas fa-trash-alt"></i></button></div>
</div>
<div class="d-flex flex-column px-3 h-75"><textarea placeholder="What happened today?"></textarea></div>
<!--v-if-->
<!--v-if-->
<fab-button-stub icon="fa-save"></fab-button-stub>
`;
