// Jest Snapshot v1, https://goo.gl/fbAQLP

exports[`EntryList component should match snapshot 1`] = `
<div class="entry-list-container">
  <div class="px-2 pt-2"><input type="text" class="form-control" placeholder="Search..."></div>
  <div class="entry-scrollarea">
    <div class="mt-2 d-flex flex-column"><button class="btn btn-primary mx-3"><i class="fa fa-plus circle"></i> New Entry </button></div>
    <entry-item-stub entry="[object Object]"></entry-item-stub>
    <entry-item-stub entry="[object Object]"></entry-item-stub>
  </div>
</div>
`;
