// Jest Snapshot v1, https://goo.gl/fbAQLP

exports[`EntryItem component should match snapshot 1`] = `
<div class="entry-container mb-3 pointer p-2">
  <div class="entry-title d-flex"><span class="text-success fs-5 fw-bold">4</span><span class="mx-1 fs-5">October</span><span class="mx-2 fw-light">2022, Tuesday</span></div>
  <div class="entry-description">
    <p class="text-muted">Hola esto es una prueba con las envs</p>
  </div>
</div>
`;
